// Jest Snapshot v1, https://goo.gl/fbAQLP

exports[`should render DashboardPage correctly 1`] = `
<div
  className="background"
>
  <div
    className="content-container container"
  >
    <Form
      addPerson={[Function]}
    />
  </div>
  <div
    className="content-container container"
  >
    <p
      className="text-input"
    >
      Please add people to your wait list
    </p>
  </div>
</div>
`;
