// Jest Snapshot v1, https://goo.gl/fbAQLP

exports[`<Form /> should render Form correctly 1`] = `
<div
  className="form"
>
  <div
    className="input-group "
  >
    <input
      className="text-input margin-right"
      name="name"
      onChange={[Function]}
      placeholder="Name"
      type="text"
      value=""
    />
    <input
      className="text-input"
      name="waitTime"
      onChange={[Function]}
      pattern="[0-9]*"
      placeholder="Wait Time"
      type="text"
      value=""
    />
  </div>
  <button
    className="button"
    onClick={[Function]}
  >
    Save
  </button>
</div>
`;
